[2026-09-12T16:04:56.488Z] START
[2026-09-12T16:04:56.490Z] CWD=C:\Users\Administrator\Webstrom\NEOP
[2026-09-12T16:04:56.493Z] GITHUB_TOKEN set? NO
[2026-09-12T16:04:56.497Z] has .git directory? true
[2026-09-12T16:04:56.499Z] 
=== git status: git.exe status --porcelain=v1
[2026-09-12T16:04:56.905Z]   exit=0
[2026-09-12T16:04:56.911Z]   ?? _logs/build-p1-err.log
[2026-09-12T16:04:56.915Z]   ?? _logs/build-p1-out.log
[2026-09-12T16:04:56.918Z]   ?? _logs/build-p1.log
[2026-09-12T16:04:56.924Z]   ?? _logs/fallback.log
[2026-09-12T16:04:56.928Z]   ?? _logs/git-commit-p3.log
[2026-09-12T16:04:56.931Z]   ?? _logs/git-push-1789229096486.log
[2026-09-12T16:04:56.935Z]   ?? _logs/ng-deploy-1789228667882.log
[2026-09-12T16:04:56.941Z]   ?? _logs/ng-deploy-out-1789228667882.json
[2026-09-12T16:04:56.945Z]   ?? _logs/p1-build-1789229095300.log
[2026-09-12T16:04:56.949Z] 
=== git config user: git.exe config user.email neop-bot@neop.ng
[2026-09-12T16:04:57.226Z]   exit=0
[2026-09-12T16:04:57.230Z] 
=== git config user.name: git.exe config user.name NEOP Bot
[2026-09-12T16:04:57.458Z]   exit=0
[2026-09-12T16:04:57.461Z] 
=== git remote -v: git.exe remote -v
[2026-09-12T16:04:57.663Z]   exit=0
[2026-09-12T16:04:57.666Z]   origin	https://github.com/Joshua-Onyekachukwu/NEOP (fetch)
[2026-09-12T16:04:57.668Z]   origin	https://github.com/Joshua-Onyekachukwu/NEOP (push)
[2026-09-12T16:04:57.671Z] 
=== git remote set-url origin: git.exe remote set-url origin https://github.com/Joshua-Onyekachukwu/NEOP.git
[2026-09-12T16:04:57.874Z]   exit=0
[2026-09-12T16:04:57.877Z] 
=== git fetch origin main: git.exe fetch --depth=1 origin main
[2026-09-12T16:05:27.825Z]   exit=0
[2026-09-12T16:05:27.828Z]   From https://github.com/Joshua-Onyekachukwu/NEOP
[2026-09-12T16:05:27.832Z]    * branch            main       -> FETCH_HEAD
[2026-09-12T16:05:27.837Z] 
=== git show --stat FETCH_HEAD --oneline | head -5: git.exe show --stat FETCH_HEAD --oneline -n 5
[2026-09-12T16:05:30.869Z]   exit=0
[2026-09-12T16:05:30.887Z]    supabase/migrations/inec_chunks_batched/PU_21.sql  |   6009 +
[2026-09-12T16:05:30.926Z]    supabase/migrations/inec_chunks_batched/PU_22.sql  |   6009 +
[2026-09-12T16:05:31.049Z]    supabase/migrations/inec_chunks_batched/PU_23.sql  |   6010 +
[2026-09-12T16:05:31.128Z]    supabase/migrations/inec_chunks_batched/PU_24.sql  |   6010 +
[2026-09-12T16:05:31.131Z]    supabase/migrations/inec_chunks_batched/PU_25.sql  |   6010 +
[2026-09-12T16:05:31.169Z]    supabase/migrations/inec_chunks_batched/PU_26.sql  |   6012 +
[2026-09-12T16:05:31.192Z]    supabase/migrations/inec_chunks_batched/PU_27.sql  |   6009 +
[2026-09-12T16:05:31.239Z]    supabase/migrations/inec_chunks_batched/PU_28.sql  |   6009 +
[2026-09-12T16:05:31.336Z]    supabase/migrations/inec_chunks_batched/PU_29.sql  |   6010 +
[2026-09-12T16:05:31.357Z]    supabase/migrations/inec_chunks_batched/PU_30.sql  |   2852 +
[2026-09-12T16:05:31.429Z]    supabase/schema.sql                                |    393 +
[2026-09-12T16:05:31.485Z]    vercel.json                                        |     19 +
[2026-09-12T16:05:31.511Z]    workers/ddos-protection/package.json               |     14 +
[2026-09-12T16:05:31.610Z]    workers/ddos-protection/src/index.ts               |    269 +
[2026-09-12T16:05:31.617Z]    workers/ddos-protection/wrangler.toml              |     12 +
[2026-09-12T16:05:31.647Z]    workers/verification/app/__init__.py               |      0
[2026-09-12T16:05:31.697Z]    workers/verification/app/config.py                 |     43 +
[2026-09-12T16:05:31.762Z]    workers/verification/app/main.py                   |    429 +
[2026-09-12T16:05:31.765Z]    workers/verification/requirements.txt              |     21 +
[2026-09-12T16:05:31.778Z]    464 files changed, 794387 insertions(+)
[2026-09-12T16:05:31.852Z] backed up .vercel/project.json -> _git-backup-1789229131794\.vercel\project.json
[2026-09-12T16:05:31.901Z] backed up apps/web/.vercel/project.json -> _git-backup-1789229131794\apps\web\.vercel\project.json
[2026-09-12T16:05:31.942Z] backed up apps/web/src/app/api/admin/verify/route.ts -> _git-backup-1789229131794\apps\web\src\app\api\admin\verify\route.ts
[2026-09-12T16:05:31.981Z] backed up apps/web/src/app/api/me/result/route.ts -> _git-backup-1789229131794\apps\web\src\app\api\me\result\route.ts
[2026-09-12T16:05:32.011Z] backed up apps/web/src/app/api/public/results/route.ts -> _git-backup-1789229131794\apps\web\src\app\api\public\results\route.ts
[2026-09-12T16:05:32.026Z] backed up apps/web/src/app/api/public/disruptions/route.ts -> _git-backup-1789229131794\apps\web\src\app\api\public\disruptions\route.ts
[2026-09-12T16:05:32.044Z] backed up apps/web/src/lib/api-cache.ts -> _git-backup-1789229131794\apps\web\src\lib\api-cache.ts
[2026-09-12T16:05:32.063Z] backed up apps/web/middleware.ts -> _git-backup-1789229131794\apps\web\middleware.ts
[2026-09-12T16:05:32.085Z] backed up apps/web/src/app/api/auth/verify-otp/route.ts -> _git-backup-1789229131794\apps\web\src\app\api\auth\verify-otp\route.ts
[2026-09-12T16:05:32.108Z] backed up supabase/migrations/900_DIAGNOSTIC_CHECK_SUPABASE_PROJECT.sql -> _git-backup-1789229131794\supabase\migrations\900_DIAGNOSTIC_CHECK_SUPABASE_PROJECT.sql
[2026-09-12T16:05:32.112Z] 
=== git reset --hard FETCH_HEAD: git.exe reset --hard FETCH_HEAD
[2026-09-12T16:05:33.477Z]   exit=0
[2026-09-12T16:05:33.480Z]   HEAD is now at e0e5f27 NEOP P0/P1/P2 wave: election tomorrow readiness
[2026-09-12T16:05:33.500Z] restored overlay: .vercel/project.json
[2026-09-12T16:05:33.550Z] restored overlay: apps/web/.vercel/project.json
[2026-09-12T16:05:33.674Z] restored overlay: apps/web/src/app/api/admin/verify/route.ts
[2026-09-12T16:05:33.754Z] restored overlay: apps/web/src/app/api/me/result/route.ts
[2026-09-12T16:05:33.873Z] restored overlay: apps/web/src/app/api/public/results/route.ts
[2026-09-12T16:05:33.999Z] restored overlay: apps/web/src/app/api/public/disruptions/route.ts
[2026-09-12T16:05:34.073Z] restored overlay: apps/web/src/lib/api-cache.ts
[2026-09-12T16:05:34.170Z] restored overlay: apps/web/middleware.ts
[2026-09-12T16:05:34.229Z] restored overlay: apps/web/src/app/api/auth/verify-otp/route.ts
[2026-09-12T16:05:34.374Z] restored overlay: supabase/migrations/900_DIAGNOSTIC_CHECK_SUPABASE_PROJECT.sql
[2026-09-12T16:05:34.400Z] 
=== git add: git.exe add --all
